// Jest Snapshot v1, https://goo.gl/fbAQLP

exports[`PasswordVisibilityToggleComponent component should match snapshot and have bound all properties and methods 1`] = `
<sg-test
  __ngContext__={[Function LRootView]}
  passwordVisibilityComponent={[Function PasswordVisibilityToggleComponent]}
>
  <mat-form-field
    class="mat-form-field mat-primary mat-form-field-type-mat-input mat-form-field-appearance-legacy mat-form-field-can-float mat-form-field-hide-placeholder _mat-animation-noopable mat-form-field-should-float mat-focused"
  >
    <div
      class="mat-form-field-wrapper"
    >
      <div
        class="mat-form-field-flex"
      >
        <div
          class="mat-form-field-infix"
        >
          <input
            aria-invalid="false"
            aria-required="false"
            class="mat-input-element mat-form-field-autofill-control cdk-text-field-autofill-monitored"
            matinput=""
            type="text"
          />
          <span
            class="mat-form-field-label-wrapper"
          >
          </span>
        </div>
        <div
          class="mat-form-field-suffix"
        >
          <sg-password-visibility-toggle
            matsuffix=""
          >
            <button
              mat-icon-button=""
              type="button"
            >
              <mat-icon>
                visibility
              </mat-icon>
            </button>
          </sg-password-visibility-toggle>
        </div>
      </div>
      <div
        class="mat-form-field-underline"
      >
        <span
          class="mat-form-field-ripple"
        />
      </div>
      <div
        class="mat-form-field-subscript-wrapper"
      >
        <div
          class="mat-form-field-hint-wrapper ng-trigger ng-trigger-transitionMessages"
          style="opacity:1;transform:translateY(0%);0:opacity;1:transform;"
        >
          <div
            class="mat-form-field-hint-spacer"
          />
        </div>
      </div>
    </div>
  </mat-form-field>
</sg-test>
`;
